empty.txt
pwd.txt
$ ./bin/ls data
$ echo $?
0
$ ./bin/ls asldfkjasldfkj
$ echo $?
1
$ quit

